  [1/79] bd6t5334368f...
  [2/79] bpt6k23555475...
  [3/79] bpt6k2355548k...
  [4/79] bpt6k23555490...
  [5/79] bpt6k2355550n...
  [6/79] bpt6k23555512...
  [7/79] bpt6k2355552g...
  [8/79] bpt6k2355553w...
  [9/79] bpt6k23555549...
  [10/79] bpt6k2355555q...
  [11/79] bpt6k23555564...
  [12/79] bpt6k2355557j...
  [13/79] bpt6k2355558z...
  [14/79] bpt6k2355559c...
  [15/79] bpt6k23555601...
  [16/79] bpt6k2355561f...
  [17/79] bpt6k2355562v...
  [18/79] bpt6k23555638...
  [19/79] bpt6k2355564p...
  [20/79] bpt6k23555653...
  [21/79] bpt6k2355566h...
  [22/79] bpt6k2355567x...
  [23/79] bpt6k2355568b...
  [24/79] bpt6k2355569r...
  [25/79] bpt6k2355570d...
  [26/79] bpt6k2355571t...
  [27/79] bpt6k23555727...
  [28/79] bpt6k2355573n...
  [29/79] bpt6k23555742...
  [30/79] bpt6k2355575g...
  [31/79] bpt6k2355576w...
  [32/79] bpt6k23555779...
  [33/79] bpt6k2355578q...
  [34/79] bpt6k23555794...
  [35/79] bpt6k2355580s...
  [36/79] bpt6k23555816...
  [37/79] bpt6k2355582m...
  [38/79] bpt6k23555831...
  [39/79] bpt6k2355584f...
  [40/79] bpt6k2355585v...
  [41/79] bpt6k23555868...
  [42/79] bpt6k2355587p...
  [43/79] bpt6k23555883...
  [44/79] bpt6k2355589h...
  [45/79] bpt6k23555905...
  [46/79] bpt6k2355591k...
  [47/79] bpt6k23555920...
  [48/79] bpt6k2355593d...
  [49/79] bpt6k2355594t...
  [50/79] bpt6k23555957...
  [51/79] bpt6k2355596n...
  [52/79] bpt6k23555972...
  [53/79] bpt6k2355598g...
  [54/79] bpt6k2355599w...
  [55/79] bpt6k23556003...
  [56/79] bpt6k2355601h...
  [57/79] bpt6k2355602x...
  [58/79] bpt6k2355603b...
  [59/79] bpt6k2355604r...
  [60/79] bpt6k23556055...
  [61/79] bpt6k2355606k...
  [62/79] bpt6k23556070...
  [63/79] bpt6k2355608d...
  [64/79] bpt6k2355609t...
  [65/79] bpt6k2355610g...
  [66/79] bpt6k2355611w...
  [67/79] bpt6k23556129...
  [68/79] bpt6k2355613q...
  [69/79] bpt6k2355617c...
  [70/79] bpt6k2355622p...
  [71/79] bpt6k23556233...
  [72/79] bpt6k2355624h...
  [73/79] bpt6k2355625x...
  [74/79] bpt6k2355626b...
  [75/79] bpt6k2355634w...
  [76/79] bpt6k23556359...
  [77/79] bpt6k2355636q...
  [78/79] bpt6k23556374...
  [79/79] bpt6k2355638j...

Wrote 79 issue rows -> /Users/geiere/FrenchScouts/data/violence_by_issue.csv

Violence vocabulary by year (rate = words per 1,000):
        issues  mean_rate_per_1k  total_violence_words
year                                                  
1926.0       9             8.367                   483
1927.0      16             6.604                   906
1928.0      11             6.958                   655
1929.0      14             6.864                   821
1930.0      18             5.769                  1070
1931.0       8             6.355                   389
1938.0       1             6.868                    58
